>>>> [1] use_1 <<<<
>>>> [2] use_2 <<<<
>>>> [3] use_3 <<<<
readSVG.cpp:82:37: runtime error: member call on null pointer of type 'struct SVGElement'
readSVG.cpp:82:37: runtime error: member access within null pointer of type 'struct SVGElement'
AddressSanitizer:DEADLYSIGNAL
=================================================================
==35145==ERROR: AddressSanitizer: SEGV on unknown address 0x000000000000 (pc 0x5eca1ff1ac54 bp 0x7fff32774e00 sp 0x7fff32774710 T0)
==35145==The signal is caused by a READ memory access.
==35145==Hint: address points to the zero page.
    #0 0x5eca1ff1ac54 in parse_element /home/lucie/prog2/Prog-Project/readSVG.cpp:82
    #1 0x5eca1ff1ccf9 in svg::readSVG(std::__cxx11::basic_string<char, std::char_traits<char>, std::allocator<char> > const&, svg::Point&, std::vector<svg::SVGElement*, std::allocator<svg::SVGElement*> >&) /home/lucie/prog2/Prog-Project/readSVG.cpp:144
    #2 0x5eca1ff0378a in svg::convert(std::__cxx11::basic_string<char, std::char_traits<char>, std::allocator<char> > const&, std::__cxx11::basic_string<char, std::char_traits<char>, std::allocator<char> > const&) /home/lucie/prog2/Prog-Project/convert.cpp:11
    #3 0x5eca1fea45a7 in svg::TestDriver::run_conversion_test(std::__cxx11::basic_string<char, std::char_traits<char>, std::allocator<char> > const&) (/home/lucie/prog2/Prog-Project/test+0x1595a7) (BuildId: ef712b42f9f07304e18c3c2bcdd3255fb752e55d)
    #4 0x5eca1fea675d in svg::TestDriver::run_test(std::__cxx11::basic_string<char, std::char_traits<char>, std::allocator<char> > const&) (/home/lucie/prog2/Prog-Project/test+0x15b75d) (BuildId: ef712b42f9f07304e18c3c2bcdd3255fb752e55d)
    #5 0x5eca1fea7e36 in svg::TestDriver::run_tests(std::__cxx11::basic_string<char, std::char_traits<char>, std::allocator<char> > const&) (/home/lucie/prog2/Prog-Project/test+0x15ce36) (BuildId: ef712b42f9f07304e18c3c2bcdd3255fb752e55d)
    #6 0x5eca1fea3759 in main /home/lucie/prog2/Prog-Project/test.cpp:181
    #7 0x7db52e42a1c9 in __libc_start_call_main ../sysdeps/nptl/libc_start_call_main.h:58
    #8 0x7db52e42a28a in __libc_start_main_impl ../csu/libc-start.c:360
    #9 0x5eca1fea3314 in _start (/home/lucie/prog2/Prog-Project/test+0x158314) (BuildId: ef712b42f9f07304e18c3c2bcdd3255fb752e55d)

AddressSanitizer can not provide additional info.
SUMMARY: AddressSanitizer: SEGV /home/lucie/prog2/Prog-Project/readSVG.cpp:82 in parse_element
==35145==ABORTING
>>>> [4] use_4 <<<<
readSVG.cpp:82:37: runtime error: member call on null pointer of type 'struct SVGElement'
readSVG.cpp:82:37: runtime error: member access within null pointer of type 'struct SVGElement'
AddressSanitizer:DEADLYSIGNAL
=================================================================
==35146==ERROR: AddressSanitizer: SEGV on unknown address 0x000000000000 (pc 0x5eca1ff1ac54 bp 0x7fff32774e00 sp 0x7fff32774710 T0)
==35146==The signal is caused by a READ memory access.
==35146==Hint: address points to the zero page.
    #0 0x5eca1ff1ac54 in parse_element /home/lucie/prog2/Prog-Project/readSVG.cpp:82
    #1 0x5eca1ff1ccf9 in svg::readSVG(std::__cxx11::basic_string<char, std::char_traits<char>, std::allocator<char> > const&, svg::Point&, std::vector<svg::SVGElement*, std::allocator<svg::SVGElement*> >&) /home/lucie/prog2/Prog-Project/readSVG.cpp:144
    #2 0x5eca1ff0378a in svg::convert(std::__cxx11::basic_string<char, std::char_traits<char>, std::allocator<char> > const&, std::__cxx11::basic_string<char, std::char_traits<char>, std::allocator<char> > const&) /home/lucie/prog2/Prog-Project/convert.cpp:11
    #3 0x5eca1fea45a7 in svg::TestDriver::run_conversion_test(std::__cxx11::basic_string<char, std::char_traits<char>, std::allocator<char> > const&) (/home/lucie/prog2/Prog-Project/test+0x1595a7) (BuildId: ef712b42f9f07304e18c3c2bcdd3255fb752e55d)
    #4 0x5eca1fea675d in svg::TestDriver::run_test(std::__cxx11::basic_string<char, std::char_traits<char>, std::allocator<char> > const&) (/home/lucie/prog2/Prog-Project/test+0x15b75d) (BuildId: ef712b42f9f07304e18c3c2bcdd3255fb752e55d)
    #5 0x5eca1fea7e36 in svg::TestDriver::run_tests(std::__cxx11::basic_string<char, std::char_traits<char>, std::allocator<char> > const&) (/home/lucie/prog2/Prog-Project/test+0x15ce36) (BuildId: ef712b42f9f07304e18c3c2bcdd3255fb752e55d)
    #6 0x5eca1fea3759 in main /home/lucie/prog2/Prog-Project/test.cpp:181
    #7 0x7db52e42a1c9 in __libc_start_call_main ../sysdeps/nptl/libc_start_call_main.h:58
    #8 0x7db52e42a28a in __libc_start_main_impl ../csu/libc-start.c:360
    #9 0x5eca1fea3314 in _start (/home/lucie/prog2/Prog-Project/test+0x158314) (BuildId: ef712b42f9f07304e18c3c2bcdd3255fb752e55d)

AddressSanitizer can not provide additional info.
SUMMARY: AddressSanitizer: SEGV /home/lucie/prog2/Prog-Project/readSVG.cpp:82 in parse_element
==35146==ABORTING
>>>> [5] use_5 <<<<
pixel (51 51): expected 0 255 0 got 255 255 255
>>>> [6] use_6 <<<<
pixel (0 0): expected 0 0 0 got 255 255 255
